// Jest Snapshot v1, https://goo.gl/fbAQLP

exports[`TodoListItem renders correctly 1`] = `
<div
  className="sc-hKgJUU sc-eCstlR kMigaP hlAxGi"
>
  <h3 />
  <p>
    Created at: 
    Invalid Date
  </p>
  <div
    className="sc-gKseQn jwGGfw"
  >
    <button
      className="sc-jSgvzq sc-fubCzh dFYixR llQoPR"
      onClick={[Function]}
    >
      Mark As Completed
    </button>
    <button
      className="sc-jSgvzq sc-iBPTik dFYixR bfvxIP"
      onClick={[Function]}
    >
      Remove
    </button>
  </div>
</div>
`;
